// Jest Snapshot v1, https://goo.gl/fbAQLP

exports[`lazy-init-auth init auth plugin exist 1`] = `
"// runs the functions once BEFORE the root Vue.js Application is instantiated.
export default ({ $fireAuthStore }) => {
  // Can only be initiated on client side
  if (!process.client) {
    return
  }

  return $fireAuthStore.subscribe()
}
"
`;
